// Jest Snapshot v1, https://goo.gl/fbAQLP

exports[`Holder Component is the main flex component 1`] = `
.c0 {
  display: -webkit-box;
  display: -webkit-flex;
  display: -ms-flexbox;
  display: flex;
  -webkit-box-pack: start;
  -webkit-justify-content: flex-start;
  -ms-flex-pack: start;
  justify-content: flex-start;
  -webkit-flex-direction: row;
  -ms-flex-direction: row;
  flex-direction: row;
  width: inherit;
}

<div
  className="c0"
>
   things inside 
</div>
`;

exports[`Rating Component does not render if rating is undefined 1`] = `null`;
