// Jest Snapshot v1, https://goo.gl/fbAQLP

exports[`Holder Component is the main flex component 1`] = `
.c0 {
  display: -webkit-box;
  display: -webkit-flex;
  display: -ms-flexbox;
  display: flex;
  -webkit-flex-direction: column;
  -ms-flex-direction: column;
  flex-direction: column;
  width: inherit;
  padding-top: 10px;
}

<div
  className="c0"
>
   things inside 
</div>
`;
